[mannatstudio.com/html/logzee/v3/index.html]
[backblue.gif]
[fade.gif]
[index.html]
[mannatstudio.com/html/logzee/v3/assets/images/favicon.ico]
[mannatstudio.com/html/logzee/v3/assets/css/theme-plugins.min.css]
[mannatstudio.com/html/logzee/v3/assets/css/style.css]
[mannatstudio.com/html/logzee/v3/assets/css/responsive.css]
[mannatstudio.com/html/logzee/v3/assets/revolution/css/layers.css]
[mannatstudio.com/html/logzee/v3/assets/revolution/css/navigation.css]
[mannatstudio.com/html/logzee/v3/assets/revolution/css/settings.css]
[mannatstudio.com/html/logzee/v3/assets/revolution/fonts/pe-icon-7-stroke/css/pe-icon-7-stroke.css]
[mannatstudio.com/html/logzee/v3/assets/revolution/fonts/font-awesome/css/font-awesome.css]
[mannatstudio.com/html/logzee/v3/assets/images/us.svg]
[mannatstudio.com/html/logzee/v3/assets/images/however.png]
[mannatstudio.com/html/logzee/v3/assets/images/however.png]
[mannatstudio.com/html/logzee/v3/index-2.html]
[mannatstudio.com/html/logzee/v3/index-3.html]
[mannatstudio.com/html/logzee/v3/index-4.html]
[mannatstudio.com/html/logzee/v3/index-5.html]
[mannatstudio.com/html/logzee/v3/index-6.html]
[mannatstudio.com/html/logzee/v3/about-us.html]
[mannatstudio.com/html/logzee/v3/services.html]
[mannatstudio.com/html/logzee/v3/shortcodes-element.html]
[mannatstudio.com/html/logzee/v3/typography.html]
[mannatstudio.com/html/logzee/v3/request-page.html]
[mannatstudio.com/html/logzee/v3/pricing-plan.html]
[mannatstudio.com/html/logzee/v3/404-page.html]
[mannatstudio.com/html/logzee/v3/project-grid.html]
[mannatstudio.com/html/logzee/v3/project-masonary.html]
[mannatstudio.com/html/logzee/v3/project-single.html]
[mannatstudio.com/html/logzee/v3/blog-list.html]
[mannatstudio.com/html/logzee/v3/blog-standard.html]
[mannatstudio.com/html/logzee/v3/blog-grid.html]
[mannatstudio.com/html/logzee/v3/blog-single.html]
[mannatstudio.com/html/logzee/v3/contact-us.html]
[mannatstudio.com/html/logzee/v3/contact-us-option.html]
[mannatstudio.com/html/logzee/v3/assets/images/banner_slider_4.jpg]
[mannatstudio.com/html/logzee/v3/rev-slider/assets/images/datcolor-100x50.jpg]
[mannatstudio.com/html/logzee/v3/assets/images/banner_slider_3.jpg]
[mannatstudio.com/html/logzee/v3/assets/images/years_img.png]
[mannatstudio.com/html/logzee/v3/assets/images/team/team-1.jpg]
[mannatstudio.com/html/logzee/v3/assets/images/about_img_2.jpg]
[mannatstudio.com/html/logzee/v3/assets/images/courier-man.png]
[mannatstudio.com/html/logzee/v3/assets/images/portfolio/fullwidth/img-1.jpg]
[mannatstudio.com/html/logzee/v3/assets/images/portfolio/fullwidth/img-2.jpg]
[mannatstudio.com/html/logzee/v3/assets/images/portfolio/fullwidth/img-3.jpg]
[mannatstudio.com/html/logzee/v3/assets/images/portfolio/fullwidth/img-7.jpg]
[mannatstudio.com/html/logzee/v3/assets/images/portfolio/fullwidth/img-8.jpg]
[mannatstudio.com/html/logzee/v3/assets/images/portfolio/fullwidth/img-9.jpg]
[mannatstudio.com/html/logzee/v3/assets/images/portfolio/fullwidth/img-10.jpg]
[mannatstudio.com/html/logzee/v3/assets/images/portfolio/fullwidth/img-11.jpg]
[mannatstudio.com/html/logzee/v3/assets/images/map-bg.png]
[mannatstudio.com/html/logzee/v3/assets/images/team_1.jpg]
[mannatstudio.com/html/logzee/v3/assets/images/team_2.jpg]
[mannatstudio.com/html/logzee/v3/assets/images/team_3.jpg]
[mannatstudio.com/html/logzee/v3/assets/images/blog_img_1.jpg]
[mannatstudio.com/html/logzee/v3/assets/images/blog_img_2.jpg]
[mannatstudio.com/html/logzee/v3/assets/images/blog_img_3.jpg]
[mannatstudio.com/html/logzee/v3/assets/images/clients/client1.png]
[mannatstudio.com/html/logzee/v3/assets/images/clients/client2.png]
[mannatstudio.com/html/logzee/v3/assets/images/clients/client3.png]
[mannatstudio.com/html/logzee/v3/assets/images/clients/client4.png]
[mannatstudio.com/html/logzee/v3/assets/images/clients/client5.png]
[mannatstudio.com/html/logzee/v3/assets/images/clients/client6.png]
[mannatstudio.com/html/logzee/v3/assets/images/post_thumb_1.jpg]
[mannatstudio.com/html/logzee/v3/assets/images/post_thumb_2.jpg]
[mannatstudio.com/html/logzee/v3/assets/css/themes/color_shade_1.css]
[mannatstudio.com/html/logzee/v3/assets/color-theme/color_theme_1.png]
[mannatstudio.com/html/logzee/v3/assets/css/themes/color_shade_2.css]
[mannatstudio.com/html/logzee/v3/assets/color-theme/color_theme_2.png]
[mannatstudio.com/html/logzee/v3/assets/css/themes/color_shade_3.css]
[mannatstudio.com/html/logzee/v3/assets/color-theme/color_theme_3.png]
[mannatstudio.com/html/logzee/v3/assets/css/themes/color_shade_4.css]
[mannatstudio.com/html/logzee/v3/assets/color-theme/color_theme_4.png]
[mannatstudio.com/html/logzee/v3/assets/css/themes/color_shade_5.css]
[mannatstudio.com/html/logzee/v3/assets/color-theme/color_theme_5.png]
[mannatstudio.com/html/logzee/v3/assets/css/themes/color_shade_6.css]
[mannatstudio.com/html/logzee/v3/assets/color-theme/color_theme_6.png]
[mannatstudio.com/html/logzee/v3/assets/css/themes/color_shade_7.css]
[mannatstudio.com/html/logzee/v3/assets/color-theme/color_theme_7.png]
[mannatstudio.com/html/logzee/v3/assets/css/themes/color_shade_8.css]
[mannatstudio.com/html/logzee/v3/assets/color-theme/color_theme_8.png]
[mannatstudio.com/html/logzee/v3/assets/css/themes/color_shade_9.css]
[mannatstudio.com/html/logzee/v3/assets/color-theme/color_theme_9.png]
[mannatstudio.com/html/logzee/v3/assets/css/themes/color_shade_10.css]
[mannatstudio.com/html/logzee/v3/assets/color-theme/color_theme_10.png]
[mannatstudio.com/cdn-cgi/scripts/5c5dd728/cloudflare-static/email-decode.min.js]
[mannatstudio.com/html/logzee/v3/assets/js/jquery.min.js]
[mannatstudio.com/html/logzee/v3/assets/js/theme-plugins.min.js]
[mannatstudio.com/html/logzee/v3/assets/twitter/jquery.tweet.js]
[mannatstudio.com/html/logzee/v3/assets/revolution/js/jquery.themepunch.tools.min.js]
[mannatstudio.com/html/logzee/v3/assets/revolution/js/jquery.themepunch.revolution.min.js]
[mannatstudio.com/html/logzee/v3/assets/revolution/js/extensions/revolution.extension.actions.min.js]
[mannatstudio.com/html/logzee/v3/assets/revolution/js/extensions/revolution.extension.carousel.min.js]
[mannatstudio.com/html/logzee/v3/assets/revolution/js/extensions/revolution.extension.kenburn.min.js]
[mannatstudio.com/html/logzee/v3/assets/revolution/js/extensions/revolution.extension.layeranimation.min.js]
[mannatstudio.com/html/logzee/v3/assets/revolution/js/extensions/revolution.extension.migration.min.js]
[mannatstudio.com/html/logzee/v3/assets/revolution/js/extensions/revolution.extension.navigation.min.js]
[mannatstudio.com/html/logzee/v3/assets/revolution/js/extensions/revolution.extension.parallax.min.js]
[mannatstudio.com/html/logzee/v3/assets/revolution/js/extensions/revolution.extension.slideanims.min.js]
[mannatstudio.com/html/logzee/v3/assets/revolution/js/extensions/revolution.extension.video.min.js]
[mannatstudio.com/html/logzee/v3/index.html]
[mannatstudio.com/html/logzee/v3/assets/js/site-custom.js]
[mannatstudio.com/html/logzee/v3/assets/css/fonts/icofont.woff2]
[mannatstudio.com/html/logzee/v3/assets/css/fonts/icofont.woff]
[mannatstudio.com/html/logzee/v3/assets/css/owl.video.play.png]
[mannatstudio.com/html/logzee/v3/assets/images/cbp-sprite.png]
[mannatstudio.com/html/logzee/v3/assets/css/theme-plugins.min.css]
[mannatstudio.com/html/logzee/v3/assets/images/download.svg]
[mannatstudio.com/html/logzee/v3/assets/images/bg_6.jpg]
[mannatstudio.com/html/logzee/v3/assets/images/bg_7.jpg]
[mannatstudio.com/html/logzee/v3/assets/images/breadcrumbs_bg.jpg]
[mannatstudio.com/html/logzee/v3/assets/images/bg_8.jpg]
[mannatstudio.com/html/logzee/v3/assets/images/bg-wave.svg]
[mannatstudio.com/html/logzee/v3/assets/images/bg_5.jpg]
[mannatstudio.com/html/logzee/v3/assets/images/bg_1.jpg]
[mannatstudio.com/html/logzee/v3/assets/images/bg_3.jpg]
[mannatstudio.com/html/logzee/v3/assets/images/bg_2.jpg]
[mannatstudio.com/html/logzee/v3/assets/images/bg_4.jpg]
[mannatstudio.com/html/logzee/v3/assets/css/icon_top.png]
[mannatstudio.com/html/logzee/v3/assets/images/bg-text.jpg]
[mannatstudio.com/html/logzee/v3/assets/images/popup_bg.jpg]
[mannatstudio.com/html/logzee/v3/assets/images/what_we_offer.jpg]
[mannatstudio.com/html/logzee/v3/assets/css/style.css]
[mannatstudio.com/html/logzee/v3/assets/css/responsive.css]
[mannatstudio.com/html/logzee/v3/assets/revolution/css/layers.css]
[mannatstudio.com/html/logzee/v3/assets/revolution/css/navigation.css]
[mannatstudio.com/html/logzee/v3/assets/revolution/fonts/revicons/revicons90c6.eot]
[mannatstudio.com/html/logzee/v3/assets/revolution/fonts/revicons/revicons90c6.woff]
[mannatstudio.com/html/logzee/v3/assets/revolution/fonts/revicons/revicons90c6.ttf]
[mannatstudio.com/html/logzee/v3/assets/revolution/fonts/revicons/revicons90c6.svg]
[mannatstudio.com/html/logzee/v3/assets/revolution/assets/gridtile.png]
[mannatstudio.com/html/logzee/v3/assets/revolution/assets/gridtile_white.png]
[mannatstudio.com/html/logzee/v3/assets/revolution/assets/gridtile_3x3.png]
[mannatstudio.com/html/logzee/v3/assets/revolution/assets/gridtile_3x3_white.png]
[mannatstudio.com/html/logzee/v3/assets/revolution/assets/coloredbg.png]
[mannatstudio.com/html/logzee/v3/assets/revolution/assets/loader.gif]
[mannatstudio.com/html/logzee/v3/assets/revolution/css/settings.css]
[mannatstudio.com/html/logzee/v3/assets/revolution/fonts/pe-icon-7-stroke/fonts/Pe-icon-7-strokebb1d.eot]
[mannatstudio.com/html/logzee/v3/assets/revolution/fonts/pe-icon-7-stroke/fonts/Pe-icon-7-stroked41d.eot]
[mannatstudio.com/html/logzee/v3/assets/revolution/fonts/pe-icon-7-stroke/fonts/Pe-icon-7-strokebb1d.woff]
[mannatstudio.com/html/logzee/v3/assets/revolution/fonts/pe-icon-7-stroke/fonts/Pe-icon-7-strokebb1d.ttf]
[mannatstudio.com/html/logzee/v3/assets/revolution/fonts/pe-icon-7-stroke/css/pe-icon-7-stroke.css]
[mannatstudio.com/html/logzee/v3/assets/revolution/fonts/pe-icon-7-stroke/fonts/Pe-icon-7-strokebb1d.svg]
[mannatstudio.com/html/logzee/v3/assets/revolution/fonts/font-awesome/fonts/fontawesome-webfont3e6e.eot]
[mannatstudio.com/html/logzee/v3/assets/revolution/fonts/font-awesome/fonts/fontawesome-webfontd41d.eot]
[mannatstudio.com/html/logzee/v3/assets/revolution/fonts/font-awesome/fonts/fontawesome-webfont3e6e.woff2]
[mannatstudio.com/html/logzee/v3/assets/revolution/fonts/font-awesome/fonts/fontawesome-webfont3e6e.woff]
[mannatstudio.com/html/logzee/v3/assets/revolution/fonts/font-awesome/fonts/fontawesome-webfont3e6e.ttf]
[mannatstudio.com/html/logzee/v3/assets/revolution/fonts/font-awesome/css/font-awesome.css]
[mannatstudio.com/html/logzee/v3/assets/images/us.svg]
[mannatstudio.com/html/logzee/v3/assets/images/however.png]
[mannatstudio.com/html/logzee/v3/assets/images/however.png]
[mannatstudio.com/html/logzee/v3/assets/revolution/fonts/font-awesome/fonts/fontawesome-webfont3e6e.svg]
[mannatstudio.com/html/logzee/v3/assets/images/icon-box-six-1.jpg]
[mannatstudio.com/html/logzee/v3/service-details.html]
[mannatstudio.com/html/logzee/v3/assets/images/icon-box-six-2.jpg]
[mannatstudio.com/html/logzee/v3/assets/images/icon-box-six-3.jpg]
[mannatstudio.com/html/logzee/v3/assets/images/icon-box-six-4.jpg]
[mannatstudio.com/html/logzee/v3/assets/images/truck_front.jpg]
[mannatstudio.com/html/logzee/v3/index-2.html]
[mannatstudio.com/html/logzee/v3/assets/images/banner_slider.jpg]
[mannatstudio.com/html/logzee/v3/assets/images/banner_slider_2.jpg]
[mannatstudio.com/html/logzee/v3/assets/images/icon-box-1.jpg]
[mannatstudio.com/html/logzee/v3/assets/images/icon-box-2.jpg]
[mannatstudio.com/html/logzee/v3/assets/images/icon-box-3.jpg]
[mannatstudio.com/html/logzee/v3/assets/images/business-man.png]
[mannatstudio.com/html/logzee/v3/assets/images/forklift_Image.png]
[mannatstudio.com/html/logzee/v3/assets/images/about_img.png]
[mannatstudio.com/html/logzee/v3/index-3.html]
[mannatstudio.com/html/logzee/v3/assets/images/icon-box-img-1.jpg]
[mannatstudio.com/html/logzee/v3/assets/images/icon-box-img-2.jpg]
[mannatstudio.com/html/logzee/v3/assets/images/icon-box-img-3.jpg]
[mannatstudio.com/html/logzee/v3/assets/images/team/team-2.jpg]
[mannatstudio.com/html/logzee/v3/assets/images/team/team-3.jpg]
[mannatstudio.com/html/logzee/v3/assets/images/team/team-4.jpg]
[mannatstudio.com/html/logzee/v3/index-4.html]
[mannatstudio.com/html/logzee/v3/index-5.html]
[mannatstudio.com/html/logzee/v3/index-6.html]
[mannatstudio.com/html/logzee/v3/assets/images/map-bg-orange.jpg]
[mannatstudio.com/html/logzee/v3/assets/images/why-choose-us.jpg]
[mannatstudio.com/html/logzee/v3/about-us.html]
[mannatstudio.com/html/logzee/v3/services.html]
[mannatstudio.com/html/logzee/v3/shortcodes-element.html]
[mannatstudio.com/html/logzee/v3/typography.html]
[mannatstudio.com/html/logzee/v3/request-page.html]
[mannatstudio.com/html/logzee/v3/pricing-plan.html]
[mannatstudio.com/html/logzee/v3/assets/images/404_img.png]
[mannatstudio.com/html/logzee/v3/404-page.html]
[mannatstudio.com/html/logzee/v3/assets/images/portfolio/3col-1.jpg]
[mannatstudio.com/html/logzee/v3/assets/images/portfolio/3col-2.jpg]
[mannatstudio.com/html/logzee/v3/assets/images/portfolio/3col-3.jpg]
[mannatstudio.com/html/logzee/v3/assets/images/portfolio/3col-4.jpg]
[mannatstudio.com/html/logzee/v3/assets/images/portfolio/3col-5.jpg]
[mannatstudio.com/html/logzee/v3/assets/images/portfolio/3col-6.jpg]
[mannatstudio.com/html/logzee/v3/assets/images/portfolio/3col-7.jpg]
[mannatstudio.com/html/logzee/v3/assets/images/portfolio/3col-8.jpg]
[mannatstudio.com/html/logzee/v3/assets/images/portfolio/3col-9.jpg]
[mannatstudio.com/html/logzee/v3/project-grid.html]
[mannatstudio.com/html/logzee/v3/project-masonary.html]
[mannatstudio.com/html/logzee/v3/assets/images/blog_single.jpg]
[mannatstudio.com/html/logzee/v3/project-single.html]
[mannatstudio.com/html/logzee/v3/assets/images/blog_img_4.jpg]
[mannatstudio.com/html/logzee/v3/assets/images/blog_img_5.jpg]
[mannatstudio.com/html/logzee/v3/assets/images/blog_img_6.jpg]
[mannatstudio.com/html/logzee/v3/assets/images/blog_img_7.jpg]
[mannatstudio.com/html/logzee/v3/assets/images/blog_img_8.jpg]
[mannatstudio.com/html/logzee/v3/assets/images/blog_img_9.jpg]
[mannatstudio.com/html/logzee/v3/href]
[mannatstudio.com/html/logzee/v3/blog-list.html]
[mannatstudio.com/html/logzee/v3/blog-standard.html]
[mannatstudio.com/html/logzee/v3/assets/images/blog_img_10.jpg]
[mannatstudio.com/html/logzee/v3/blog-grid.html]
[mannatstudio.com/html/logzee/v3/blog-single.html]
[mannatstudio.com/html/logzee/v3/contact-us.html]
[mannatstudio.com/html/logzee/v3/contact-us-option.html]
[mannatstudio.com/html/logzee/v3/rev-slider/assets/images/datcolor-100x50.html]
[mannatstudio.com/html/logzee/v3/assets/css/themes/color_shade_1.css]
[mannatstudio.com/html/logzee/v3/assets/css/themes/color_shade_2.css]
[mannatstudio.com/html/logzee/v3/assets/css/themes/color_shade_3.css]
[mannatstudio.com/html/logzee/v3/assets/css/themes/color_shade_4.css]
[mannatstudio.com/html/logzee/v3/assets/css/themes/color_shade_5.css]
[mannatstudio.com/html/logzee/v3/assets/css/themes/color_shade_6.css]
[mannatstudio.com/html/logzee/v3/assets/css/themes/color_shade_7.css]
[mannatstudio.com/html/logzee/v3/assets/css/themes/color_shade_8.css]
[mannatstudio.com/html/logzee/v3/assets/css/themes/color_shade_9.css]
[mannatstudio.com/html/logzee/v3/assets/css/themes/color_shade_10.css]
[mannatstudio.com/html/logzee/v3/assets/css/owl.video.play.html]
[mannatstudio.com/html/logzee/v3/assets/images/download.svg]
[mannatstudio.com/html/logzee/v3/assets/images/bg-wave.svg]
[mannatstudio.com/html/logzee/v3/assets/css/icon_top.html]
[mannatstudio.com/html/logzee/v3/assets/revolution/fonts/revicons/revicons90c6.svg]
[mannatstudio.com/html/logzee/v3/assets/revolution/css/openhand.html]
[mannatstudio.com/html/logzee/v3/assets/revolution/css/closedhand.html]
[mannatstudio.com/html/logzee/v3/assets/revolution/fonts/pe-icon-7-stroke/fonts/Pe-icon-7-strokebb1d.svg]
[mannatstudio.com/html/logzee/v3/assets/revolution/fonts/font-awesome/fonts/fontawesome-webfont3e6e.svg]
[mannatstudio.com/html/logzee/v3/service-details.html]
[mannatstudio.com/html/logzee/v3/href.html]
